// Jest Snapshot v1, https://goo.gl/fbAQLP

exports[`can keep the query 1`] = `
"import { gql } from \\"babel-gql\\";
const query = gql({
  fragments: [{
    fragment: \\"fragment NameParts on Person {\\\\n  firstName\\\\n  lastName\\\\n}\\",
    fragmentId: \\"599e02d0c3048527281d6b78058b8886cb93fca9d4f795f8383190abfcaecf5e\\",
    fragmentName: \\"NameParts\\",
    usedFragments: []
  }],
  queries: [{
    query: \\"query GetPerson {\\\\n  people(id: \\\\\\"7\\\\\\") {\\\\n    ...NameParts\\\\n    avatar(size: LARGE)\\\\n  }\\\\n}\\",
    queryId: \\"ea45bb731caccf48a370efdd98de551f9cb8c4926ddd6e440ad95a5090387716\\",
    queryName: \\"GetPerson\\",
    usedFragments: [\\"NameParts\\"]
  }]
});"
`;
